---
source: src/app.rs
expression: app
---
App(
  app_id: 230410,
  path: "[path]",
  name: Some("Warframe"),
  universe: Some(Public),
  launcher_path: Some("C:\\Program Files (x86)\\Steam\\steam.exe"),
  state_flags: Some(StateFlags(4)),
  last_updated: Some(SystemTime(
    secs_since_epoch: 1630871495,
    nanos_since_epoch: 0,
  )),
  update_result: Some(2),
  size_on_disk: Some(29070834580),
  build_id: Some(6988007),
  bytes_to_download: Some(28490671360),
  bytes_downloaded: Some(28490671360),
  bytes_to_stage: Some(29070834580),
  bytes_staged: Some(29070834580),
  staging_size: None,
  target_build_id: None,
  auto_update_behavior: KeepUpToDate,
  allow_other_downloads_while_running: UseGlobalSetting,
  scheduled_auto_update: None,
  full_validate_before_next_update: false,
  full_validate_after_next_update: false,
  installed_depots: {
    230411: Depot(
      manifest: 1659398175797234554,
      size: 29070834580,
      dlcappid: None,
    ),
  },
  staged_depots: {},
  user_config: {
    "language": "english",
  },
  mounted_config: {},
  install_scripts: {
    230411: "installscript.vdf",
  },
  shared_depots: {},
  last_user: Some(12312312312312312),
)
